<?xml version="1.0" encoding="UTF-8" standalone="no"?>
<result>
    <PERSONA>PORTIA, wife to Brutus.</PERSONA>
    <PERSONA>Senators, Citizens, Guards, Attendants, &amp;c.</PERSONA>
    <PERSONA>PINDARUS, servant to Cassius.</PERSONA>
    <PERSONA>A Soothsayer</PERSONA>
    <PERSONA>CALPURNIA, wife to Caesar.</PERSONA>
    <PERSONA>ARTEMIDORUS Of Cnidos, a teacher of rhetoric. </PERSONA>
    <PERSONA>CINNA, a poet. </PERSONA>
</result>
